node1 0.1024
node2 0.0674
node3 0.0674
node4 0.0639
node5 0.0639
node6 0.0710
node7 0.0639
node8 0.1024
node9 0.0674
node10 0.0674
node11 0.0639
node12 0.0639
node13 0.0710
node14 0.0639
