node1 0.0787
node2 0.0372
node3 0.0372
node4 0.0194
node5 0.0194
node6 0.0194
node7 0.0194
node8 0.0118
node9 0.0118
node10 0.0118
node11 0.0118
node12 0.0118
node13 0.0118
node14 0.0202
node15 0.0118
node16 0.0787
node17 0.0372
node18 0.0372
node19 0.0194
node20 0.0194
node21 0.0194
node22 0.0194
node23 0.0118
node24 0.0118
node25 0.0118
node26 0.0118
node27 0.0118
node28 0.0118
node29 0.0202
node30 0.0118
node31 0.0787
node32 0.0372
node33 0.0372
node34 0.0194
node35 0.0194
node36 0.0194
node37 0.0194
node38 0.0118
node39 0.0118
node40 0.0118
node41 0.0118
node42 0.0118
node43 0.0118
node44 0.0202
node45 0.0118
